// Vitest Snapshot v1, https://vitest.dev/guide/snapshot.html

exports[`Snapshot tests > Button matches snapshot 1`] = `
<DocumentFragment>
  <button
    class="inline-flex items-center justify-center gap-2 rounded-lg px-4 py-2 text-sm font-semibold transition active:scale-[0.98] bg-brand text-brand-fg hover:bg-brand-strong disabled:opacity-50 "
  >
    Save changes
  </button>
</DocumentFragment>
`;

exports[`Snapshot tests > Spinner matches snapshot 1`] = `
<DocumentFragment>
  <div
    aria-label="Loading"
    class="animate-spin rounded-full border-2 border-line border-t-brand h-8 w-8"
    role="status"
  />
</DocumentFragment>
`;

exports[`Snapshot tests > StatusBadge "active" matches snapshot 1`] = `
<DocumentFragment>
  <span
    class="inline-flex items-center gap-1.5 rounded-md border px-2 py-0.5 text-[10px] font-bold uppercase tracking-wider text-brand border-brand/40 bg-brand/10"
  >
    <span
      class="h-1.5 w-1.5 rounded-full bg-brand animate-pulse"
    />
    active
  </span>
</DocumentFragment>
`;
